== empty ==
No targets configured

Add a local or remote Herdr session to begin.

╭──────────────────────────────────────────────────────────────────────────────────────────────────╮
│ Activity  No activity yet                                                                        │
╰──────────────────────────────────────────────────────────────────────────────────────────────────╯

t targets  ? help  q quit

== skewed ==
TARGET        WORKSPACE                       TAB                   AGENT     STATUS
 > ◇   old-box       —                               —                     —         skewed

╭──────────────────────────────────────────────────────────────────────────────────────────────────╮
│ Target health                                                                                    │
│ TARGET   STATE   LAST SUCCESS  ERROR                                                             │
│ old-box  skewed  never         protocol 18 is too old (minimum: 19)                              │
╰──────────────────────────────────────────────────────────────────────────────────────────────────╯

╭──────────────────────────────────────────────────────────────────────────────────────────────────╮
│ Activity  No activity yet                                                                        │
╰──────────────────────────────────────────────────────────────────────────────────────────────────╯

↑/↓ navigate  v pasture  t targets  r refresh  ? help  q quit

== no-agents ==
TARGET        WORKSPACE                       TAB                   AGENT     STATUS
 > ◇   quiet-box     —                               —                     —         no agents

╭──────────────────────────────────────────────────────────────────────────────────────────────────╮
│ Activity  No activity yet                                                                        │
╰──────────────────────────────────────────────────────────────────────────────────────────────────╯

↑/↓ navigate  v pasture  t targets  r refresh  ? help  q quit
