== empty ==
herdlord

No targets configured

Add a local or remote Herdr session to begin.

t targets  ? help  q quit

== skewed ==
herdlord

       TARGET        WORKSPACE                       TAB                   AGENT     STATUS
 > ◇   old-box       —                               —                     —         skewed

Target health
TARGET   STATE   LAST SUCCESS  ERROR
old-box  skewed  never         protocol 18 is too old (minimum: 19)

↑/↓ navigate  t targets  r refresh  ? help  q quit

== no-agents ==
herdlord

       TARGET        WORKSPACE                       TAB                   AGENT     STATUS
 > ◇   quiet-box     —                               —                     —         no agents

↑/↓ navigate  t targets  r refresh  ? help  q quit
